src/components/Skills.tsx(5,24): error TS2724: '"react-icons/si"' has no exported member named 'SiCsharp'. Did you mean 'SiSharp'?
src/components/Skills.tsx(5,97): error TS2305: Module '"react-icons/si"' has no exported member 'SiAzuredevops'.
